// Vitest Snapshot v1, https://vitest.dev/guide/snapshot.html

exports[`parser parity fixtures > matches the committed AST snapshot 1`] = `
[
  {
    "file": "01-basic.md",
    "headings": [
      {
        "level": 1,
        "position": 0,
        "text": "Basic Note",
      },
    ],
    "links": [
      {
        "alias": null,
        "position": 30,
        "targetText": "Target",
      },
    ],
    "markdownExtensions": [],
    "tags": [
      "dev",
    ],
    "title": "Basic Note",
  },
  {
    "file": "02-frontmatter-array.md",
    "headings": [
      {
        "level": 1,
        "position": 0,
        "text": "Frontmatter Array",
      },
    ],
    "links": [],
    "markdownExtensions": [],
    "tags": [
      "project",
      "rust/lang",
    ],
    "title": "Frontmatter Array",
  },
  {
    "file": "03-frontmatter-string.md",
    "headings": [],
    "links": [],
    "markdownExtensions": [],
    "tags": [
      "dev",
      "rust",
    ],
    "title": "03-frontmatter-string",
  },
  {
    "file": "04-tags-in-code.md",
    "headings": [
      {
        "level": 1,
        "position": 0,
        "text": "Code Skip",
      },
    ],
    "links": [
      {
        "alias": null,
        "position": 50,
        "targetText": "Visible",
      },
    ],
    "markdownExtensions": [],
    "tags": [
      "visible",
    ],
    "title": "Code Skip",
  },
  {
    "file": "05-inline-code.md",
    "headings": [
      {
        "level": 1,
        "position": 0,
        "text": "Inline Code",
      },
    ],
    "links": [],
    "markdownExtensions": [],
    "tags": [
      "visible",
    ],
    "title": "Inline Code",
  },
  {
    "file": "06-wikilink-alias.md",
    "headings": [
      {
        "level": 1,
        "position": 0,
        "text": "Links",
      },
    ],
    "links": [
      {
        "alias": "friendly alias",
        "position": 13,
        "targetText": "Target Note",
      },
      {
        "alias": null,
        "position": 48,
        "targetText": "Other",
      },
    ],
    "markdownExtensions": [],
    "tags": [],
    "title": "Links",
  },
  {
    "file": "07-headings.md",
    "headings": [
      {
        "level": 1,
        "position": 0,
        "text": "Top",
      },
      {
        "level": 2,
        "position": 7,
        "text": "Middle",
      },
      {
        "level": 3,
        "position": 18,
        "text": "Deep",
      },
    ],
    "links": [],
    "markdownExtensions": [],
    "tags": [],
    "title": "Top",
  },
  {
    "file": "08-unicode.md",
    "headings": [
      {
        "level": 1,
        "position": 0,
        "text": "Olá mundo dev",
      },
    ],
    "links": [
      {
        "alias": null,
        "position": 38,
        "targetText": "São Paulo",
      },
    ],
    "markdownExtensions": [],
    "tags": [
      "a",
    ],
    "title": "Olá mundo dev",
  },
  {
    "file": "09-empty-frontmatter.md",
    "headings": [],
    "links": [],
    "markdownExtensions": [],
    "tags": [],
    "title": "09-empty-frontmatter",
  },
  {
    "file": "10-edge-tags.md",
    "headings": [
      {
        "level": 1,
        "position": 0,
        "text": "Edge Tags",
      },
    ],
    "links": [],
    "markdownExtensions": [],
    "tags": [
      "bad",
      "dev/rust",
      "todo-list",
    ],
    "title": "Edge Tags",
  },
  {
    "file": "11-callout-note.md",
    "headings": [],
    "links": [],
    "markdownExtensions": [
      {
        "kind": "callout",
        "position": 0,
        "value": "note:Remember",
      },
    ],
    "tags": [],
    "title": "11-callout-note",
  },
  {
    "file": "12-callout-warning.md",
    "headings": [],
    "links": [],
    "markdownExtensions": [
      {
        "kind": "callout",
        "position": 0,
        "value": "warning:Heads up",
      },
    ],
    "tags": [],
    "title": "12-callout-warning",
  },
  {
    "file": "13-callout-unknown.md",
    "headings": [],
    "links": [],
    "markdownExtensions": [
      {
        "kind": "callout",
        "position": 0,
        "value": "note:Custom title",
      },
    ],
    "tags": [],
    "title": "13-callout-unknown",
  },
  {
    "file": "14-footnote-basic.md",
    "headings": [],
    "links": [],
    "markdownExtensions": [
      {
        "kind": "footnoteRef",
        "position": 27,
        "value": "1",
      },
      {
        "kind": "footnoteDef",
        "position": 33,
        "value": "1:Footnote text.",
      },
    ],
    "tags": [],
    "title": "14-footnote-basic",
  },
  {
    "file": "15-footnote-orphan.md",
    "headings": [],
    "links": [],
    "markdownExtensions": [],
    "tags": [],
    "title": "15-footnote-orphan",
  },
  {
    "file": "16-highlight-basic.md",
    "headings": [],
    "links": [],
    "markdownExtensions": [
      {
        "kind": "highlight",
        "position": 8,
        "value": "important",
      },
    ],
    "tags": [],
    "title": "16-highlight-basic",
  },
  {
    "file": "17-highlight-escape.md",
    "headings": [],
    "links": [],
    "markdownExtensions": [],
    "tags": [],
    "title": "17-highlight-escape",
  },
  {
    "file": "18-highlight-mixed.md",
    "headings": [],
    "links": [],
    "markdownExtensions": [
      {
        "kind": "highlight",
        "position": 2,
        "value": "highlight",
      },
    ],
    "tags": [],
    "title": "18-highlight-mixed",
  },
]
`;
